[    3.7s] === s4: archetypes (4-6 attributes)
[   38.9s] S4 Planners & Personal Organizers: 36 archetypes; core ['planner_type', 'design_theme', 'audience', 'vibe'] + ['planner_size']; long tail 13%; ARI=0.03950426881951022
[   53.7s] S4 Backpacks: 36 archetypes; core ['pack_type', 'audience', 'vibe', 'anti_theft'] + []; long tail 27%; ARI=0.18355211817238842
[   75.9s] S4 Office Desks: 50 archetypes; core ['desk_type', 'drawers', 'storage', 'vibe'] + []; long tail 16%; ARI=0.03666858713766338
[   95.5s] S4 Accent & Waiting Room Chairs: 49 archetypes; core ['colour_tone', 'form_factor', 'swivel', 'vibe'] + []; long tail 61%; ARI=0.04235919814548827
[   99.7s] S4 Desk Lamps: 24 archetypes; core ['material_class', 'lamp_form', 'usb_port', 'vibe'] + ['colour_tone']; long tail 51%; ARI=0.05029518951362891
[  111.8s] S4 Lunch Bags & Boxes: 37 archetypes; core ['lunch_type', 'insulated', 'leakproof', 'vibe'] + ['audience']; long tail 6%; ARI=0.216778177315104
[  129.1s] S4 Clocks & Timers: 39 archetypes; core ['material_class', 'clock_type', 'silent', 'theme'] + ['vibe']; long tail 38%; ARI=0.049646311975985506
[  134.2s] S4 Coffee Organizers & Dispensers: 11 archetypes; core ['material_class', 'colour_family', 'organizer_type', 'pod_system'] + []; long tail 81%; ARI=0.011496709059788866
[  138.3s] S4 Office Partitions & Dividers: 16 archetypes; core ['colour_tone', 'divider_type', 'design', 'vibe'] + []; long tail 64%; ARI=0.04601406228127058
[  138.6s] === s5: method 1: vector view (VOS)
[  208.7s] S7 Bags, Backpacks & Luggage > Backpacks & Laptop Bags: calibration fallback-percentile AUC=None, T_AAS={'aas_low': 27.598944591029024, 'aas_high': 62.80103563550079}
[  278.6s] S7 Bags, Backpacks & Luggage > Totes & Handbags: calibration logistic AUC=0.9770554298930033, T_AAS={'aas_low': 39.62264150943396, 'aas_high': 52.45283018867924}
[  325.4s] S7 Coffee, Water & Snacks > Coffee, Coffee Makers & Supplies: calibration fallback-percentile AUC=None, T_AAS={'aas_low': 17.3864168618267, 'aas_high': 35.446416861826684}
[  398.4s] S7 Furniture > Chairs & Seating: calibration logistic AUC=0.9851811345435204, T_AAS={'aas_low': 19.734515060970686, 'aas_high': 42.19827586206897}
[  434.9s] S7 Furniture > Cubicle & Panel Systems: calibration logistic AUC=0.9986099706744868, T_AAS={'aas_low': 26.545454545454547, 'aas_high': 53.333333333333336}
[  498.1s] S7 Furniture > Decor: calibration logistic AUC=0.9827902695595003, T_AAS={'aas_low': 21.434547363320686, 'aas_high': 45.01724137931035}
[  549.4s] S7 Furniture > Desks: calibration logistic AUC=0.8548388520971303, T_AAS={'aas_low': 33.203592814371255, 'aas_high': 53.95553155983116}
[  575.6s] S7 Furniture > Lamps & Lighting: calibration logistic AUC=0.8937547539285656, T_AAS={'aas_low': 26.532544378698226, 'aas_high': 44.35502958579882}
[  605.8s] S7 Office Supplies > Calendars & Planners: calibration logistic AUC=0.9814969574036512, T_AAS={'aas_low': 26.91670909276041, 'aas_high': 45.267080745341616}
[  612.0s] S5 labels: {'UNDERCUT': 3825, 'OFF-BRAND': 3546, 'REVIEW': 3421, 'TRADE-UP': 1565, 'SUBSTITUTE': 1437, 'STYLE-EXTENSION': 984, 'LEAN-APPROVE': 875, 'EDGE': 180, 'CURATE': 177, 'EXCLUDE': 25}; M1 gate 90 pass, 60 listed
[  612.0s] === s6: method 2: attribute gaps (TG) + price view
[  720.9s] S6: 307 archetypes scored, 1083 attribute-value gaps; M2 labels {'ATTR-UNDERCUT': 5786, 'NO-TWIN': 4074, 'ATTR-TRADE-UP': 3526, 'ATTR-STYLE-EXT': 1484, 'ATTR-SUBSTITUTE': 1165}; M2 gate 72 pass, 58 listed
[  720.9s] === s7: integration: gate + fused re-rank
[  765.6s] S7: 129 passed a method gate, 75 recommended {'Gap-led': 29, 'Vector-led': 26, 'Strong': 20}; stability TG=0.9153333333333333, VOS=0.9290222222222222
[  765.6s] === s8: SKU exemplars & sellers
[  843.9s] S8: 223 exemplar SKUs, 45 style-extension SKUs, 334 vendor rows
[  843.9s] done
